
> cori@1.0.0 build
> next build

Ôû▓ Next.js 16.1.6 (Turbopack)

  Creating an optimized production build ...
node.exe : 
En línea: 1 Carácter: 
1
+ & "C:\Program Files\
nodejs/node.exe" 
"C:\Program 
Files\nodejs/node_mo 
...
+ ~~~~~~~~~~~~~~~~~~~~
~~~~~~~~~~~~~~~~~~~~~~
~~~~~~~~~~~~~~~~~~~~~~
~~~~~
    + CategoryInfo    
          : NotSpeci  
  fied: (:String) [   
 ], RemoteExceptio    
n
    + FullyQualifiedE 
   rrorId : NativeCo  
  mmandError
 
> Build error occurred
Error: Turbopack 
build failed with 11 
errors:
./src/app/api/contact/
route.ts
Specified module 
format (CommonJs) is 
not matching the 
module format of the 
source code 
(EcmaScript Modules)
The CommonJs module 
format was specified 
in the package.json 
that is affecting 
this source file or 
by using an special 
extension, but 
Ecmascript 
import/export syntax 
is used in the source 
code.
The module was 
automatically 
converted to an 
EcmaScript module, 
but that is in 
conflict with the 
specified module 
format. Either change 
the "type" field in 
the package.json or 
replace EcmaScript 
import/export syntax 
with CommonJs syntas 
in the source file.
In some cases 
EcmaScript 
import/export syntax 
is added by an 
transform and isn't 
actually part of the 
source code. In these 
cases revisit 
transformation 
options to inject the 
correct syntax.


./src/app/contacto/pag
e.tsx
Specified module 
format (CommonJs) is 
not matching the 
module format of the 
source code 
(EcmaScript Modules)
The CommonJs module 
format was specified 
in the package.json 
that is affecting 
this source file or 
by using an special 
extension, but 
Ecmascript 
import/export syntax 
is used in the source 
code.
The module was 
automatically 
converted to an 
EcmaScript module, 
but that is in 
conflict with the 
specified module 
format. Either change 
the "type" field in 
the package.json or 
replace EcmaScript 
import/export syntax 
with CommonJs syntas 
in the source file.
In some cases 
EcmaScript 
import/export syntax 
is added by an 
transform and isn't 
actually part of the 
source code. In these 
cases revisit 
transformation 
options to inject the 
correct syntax.

Import traces:
  Client Component 
Browser:
    ./src/app/contacto
/page.tsx [Client 
Component Browser]
    ./src/app/contacto
/page.tsx [Server 
Component]

  Client Component 
SSR:
    ./src/app/contacto
/page.tsx [Client 
Component SSR]
    ./src/app/contacto
/page.tsx [Server 
Component]


./src/app/layout.tsx
Specified module 
format (CommonJs) is 
not matching the 
module format of the 
source code 
(EcmaScript Modules)
The CommonJs module 
format was specified 
in the package.json 
that is affecting 
this source file or 
by using an special 
extension, but 
Ecmascript 
import/export syntax 
is used in the source 
code.
The module was 
automatically 
converted to an 
EcmaScript module, 
but that is in 
conflict with the 
specified module 
format. Either change 
the "type" field in 
the package.json or 
replace EcmaScript 
import/export syntax 
with CommonJs syntas 
in the source file.
In some cases 
EcmaScript 
import/export syntax 
is added by an 
transform and isn't 
actually part of the 
source code. In these 
cases revisit 
transformation 
options to inject the 
correct syntax.


./src/app/page.tsx
Specified module 
format (CommonJs) is 
not matching the 
module format of the 
source code 
(EcmaScript Modules)
The CommonJs module 
format was specified 
in the package.json 
that is affecting 
this source file or 
by using an special 
extension, but 
Ecmascript 
import/export syntax 
is used in the source 
code.
The module was 
automatically 
converted to an 
EcmaScript module, 
but that is in 
conflict with the 
specified module 
format. Either change 
the "type" field in 
the package.json or 
replace EcmaScript 
import/export syntax 
with CommonJs syntas 
in the source file.
In some cases 
EcmaScript 
import/export syntax 
is added by an 
transform and isn't 
actually part of the 
source code. In these 
cases revisit 
transformation 
options to inject the 
correct syntax.


./src/app/servicios/au
tomatizacion/page.tsx
Specified module 
format (CommonJs) is 
not matching the 
module format of the 
source code 
(EcmaScript Modules)
The CommonJs module 
format was specified 
in the package.json 
that is affecting 
this source file or 
by using an special 
extension, but 
Ecmascript 
import/export syntax 
is used in the source 
code.
The module was 
automatically 
converted to an 
EcmaScript module, 
but that is in 
conflict with the 
specified module 
format. Either change 
the "type" field in 
the package.json or 
replace EcmaScript 
import/export syntax 
with CommonJs syntas 
in the source file.
In some cases 
EcmaScript 
import/export syntax 
is added by an 
transform and isn't 
actually part of the 
source code. In these 
cases revisit 
transformation 
options to inject the 
correct syntax.


./src/app/servicios/co
nsultoria/page.tsx
Specified module 
format (CommonJs) is 
not matching the 
module format of the 
source code 
(EcmaScript Modules)
The CommonJs module 
format was specified 
in the package.json 
that is affecting 
this source file or 
by using an special 
extension, but 
Ecmascript 
import/export syntax 
is used in the source 
code.
The module was 
automatically 
converted to an 
EcmaScript module, 
but that is in 
conflict with the 
specified module 
format. Either change 
the "type" field in 
the package.json or 
replace EcmaScript 
import/export syntax 
with CommonJs syntas 
in the source file.
In some cases 
EcmaScript 
import/export syntax 
is added by an 
transform and isn't 
actually part of the 
source code. In these 
cases revisit 
transformation 
options to inject the 
correct syntax.


./src/app/servicios/do
motica/page.tsx
Specified module 
format (CommonJs) is 
not matching the 
module format of the 
source code 
(EcmaScript Modules)
The CommonJs module 
format was specified 
in the package.json 
that is affecting 
this source file or 
by using an special 
extension, but 
Ecmascript 
import/export syntax 
is used in the source 
code.
The module was 
automatically 
converted to an 
EcmaScript module, 
but that is in 
conflict with the 
specified module 
format. Either change 
the "type" field in 
the package.json or 
replace EcmaScript 
import/export syntax 
with CommonJs syntas 
in the source file.
In some cases 
EcmaScript 
import/export syntax 
is added by an 
transform and isn't 
actually part of the 
source code. In these 
cases revisit 
transformation 
options to inject the 
correct syntax.


./src/app/servicios/ia
/page.tsx
Specified module 
format (CommonJs) is 
not matching the 
module format of the 
source code 
(EcmaScript Modules)
The CommonJs module 
format was specified 
in the package.json 
that is affecting 
this source file or 
by using an special 
extension, but 
Ecmascript 
import/export syntax 
is used in the source 
code.
The module was 
automatically 
converted to an 
EcmaScript module, 
but that is in 
conflict with the 
specified module 
format. Either change 
the "type" field in 
the package.json or 
replace EcmaScript 
import/export syntax 
with CommonJs syntas 
in the source file.
In some cases 
EcmaScript 
import/export syntax 
is added by an 
transform and isn't 
actually part of the 
source code. In these 
cases revisit 
transformation 
options to inject the 
correct syntax.


./src/app/servicios/so
ftware/page.tsx
Specified module 
format (CommonJs) is 
not matching the 
module format of the 
source code 
(EcmaScript Modules)
The CommonJs module 
format was specified 
in the package.json 
that is affecting 
this source file or 
by using an special 
extension, but 
Ecmascript 
import/export syntax 
is used in the source 
code.
The module was 
automatically 
converted to an 
EcmaScript module, 
but that is in 
conflict with the 
specified module 
format. Either change 
the "type" field in 
the package.json or 
replace EcmaScript 
import/export syntax 
with CommonJs syntas 
in the source file.
In some cases 
EcmaScript 
import/export syntax 
is added by an 
transform and isn't 
actually part of the 
source code. In these 
cases revisit 
transformation 
options to inject the 
correct syntax.


./src/components/Foote
r.tsx
Specified module 
format (CommonJs) is 
not matching the 
module format of the 
source code 
(EcmaScript Modules)
The CommonJs module 
format was specified 
in the package.json 
that is affecting 
this source file or 
by using an special 
extension, but 
Ecmascript 
import/export syntax 
is used in the source 
code.
The module was 
automatically 
converted to an 
EcmaScript module, 
but that is in 
conflict with the 
specified module 
format. Either change 
the "type" field in 
the package.json or 
replace EcmaScript 
import/export syntax 
with CommonJs syntas 
in the source file.
In some cases 
EcmaScript 
import/export syntax 
is added by an 
transform and isn't 
actually part of the 
source code. In these 
cases revisit 
transformation 
options to inject the 
correct syntax.

Import trace:
  Server Component:
    ./src/components/F
ooter.tsx
    
./src/app/layout.tsx


./src/components/Navba
r.tsx
Specified module 
format (CommonJs) is 
not matching the 
module format of the 
source code 
(EcmaScript Modules)
The CommonJs module 
format was specified 
in the package.json 
that is affecting 
this source file or 
by using an special 
extension, but 
Ecmascript 
import/export syntax 
is used in the source 
code.
The module was 
automatically 
converted to an 
EcmaScript module, 
but that is in 
conflict with the 
specified module 
format. Either change 
the "type" field in 
the package.json or 
replace EcmaScript 
import/export syntax 
with CommonJs syntas 
in the source file.
In some cases 
EcmaScript 
import/export syntax 
is added by an 
transform and isn't 
actually part of the 
source code. In these 
cases revisit 
transformation 
options to inject the 
correct syntax.

Import trace:
  Server Component:
    ./src/components/N
avbar.tsx
    
./src/app/layout.tsx


    at ignore-listed 
frames
