ÔÜí´©Å @cloudflare/next-on-pages CLI v.1.13.16
node.exe : 
En línea: 1 Carácter: 
1
+ & "C:\Program Files\
nodejs/node.exe" 
"C:\Program 
Files\nodejs/node_mo 
...
+ ~~~~~~~~~~~~~~~~~~~~
~~~~~~~~~~~~~~~~~~~~~~
~~~~~~~~~~~~~~~~~~~~~~
~~~~~
    + CategoryInfo    
          : NotSpeci  
  fied: (:String) [   
 ], RemoteExceptio    
n
    + FullyQualifiedE 
   rrorId : NativeCo  
  mmandError
 
ÔÜí´©Å Warning: It 
seems like you're on 
a Windows system, the 
Vercel CLI (run by @cl
oudflare/next-on-pages
ÔÜí´©Å to build your 
application) seems 
not to work reliably 
on Windows so if you 
experience issues 
during
ÔÜí´©Å the build 
process please try 
switching to a 
different operating 
system or running
ÔÜí´©Å @cloudflare/nex
t-on-pages under the 
Windows Subsystem for 
Linux

EXIT WHEN NOT EXPECTED

SHELLAC COMMAND FAILED!
Executing: npm --version in C:\Users\leand\Desktop\cori

STDOUT:



STDERR:



ÔÜí´©Å Unexpected 
error: {"cmd":"npm --v
ersion","stdout":"","s
tderr":""}
